// Jest Snapshot v1, https://goo.gl/fbAQLP

exports[`HoroscopeDetails should match the snapshot 1`] = `ShallowWrapper {}`;
