// Jest Snapshot v1, https://goo.gl/fbAQLP

exports[`AstroSign should match the snapshot 1`] = `ShallowWrapper {}`;
